<html>
<body>
<pre>
<h1>µVision Build Log</h1>
<h2>Tool Versions:</h2>
IDE-Version: µVision V5.41.0.0
Copyright (C) 2024 ARM Ltd and ARM Germany GmbH. All rights reserved.
License Information: Lorenzo Miglietta, Politecnico di Torino, LIC=----
 
Tool Versions:
Toolchain:       MDK-Lite  Version: 5.41.0.0
Toolchain Path:  C:\Users\Lollo\AppData\Local\Keil_v5\ARM\ARMCLANG\Bin
C Compiler:      ArmClang.exe V6.22
Assembler:       Armasm.exe V6.22
Linker/Locator:  ArmLink.exe V6.22
Library Manager: ArmAr.exe V6.22
Hex Converter:   FromElf.exe V6.22
CPU DLL:         SARMCM3.DLL V5.41.0.0
Dialog DLL:      DCM.DLL V1.17.5.0
Target DLL:      UL2CM3.DLL V1.164.14.0
Dialog DLL:      TCM.DLL V1.56.4.0
 
<h2>Project:</h2>
C:\Users\Lollo\Documents\lab7\lab6.uvprojx
Project File Date:  11/20/2024

<h2>Output:</h2>
*** Using Compiler 'V6.22', folder: 'C:\Users\Lollo\AppData\Local\Keil_v5\ARM\ARMCLANG\Bin'
Build target 'Target 1'
"RTE/Device/LPC1768/startup_LPC17xx.s", line 271: Warning: A1488W: PROC/FUNC at line 234 in 'RTE/Device/LPC1768/startup_LPC17xx.s' without matching ENDP/ENDFUNC
  271 0000210c findAndSumFailed PROC
"RTE/Device/LPC1768/startup_LPC17xx.s", line 220: Warning: A1581W: Added 1 bytes of padding at address 0x105f
  220 00001060 Best_times      DCD 0x06, 1300, 0x03, 1700, 0x02, 1200, 0x04, 1900
"RTE/Device/LPC1768/startup_LPC17xx.s", line 230: Warning: A1581W: Added 1 bytes of padding at address 0x20d1
  230 000020d2     B .
0 Errors, 3 Warnings
assembling startup_LPC17xx.s...
linking...
.\Objects\lab6.axf: Warning: L6305W: Image does not have an entry point. (Not specified or not set due to multiple choices.)
.\Objects\lab6.sct(8): warning: L6314W: No section matches pattern *(InRoot$$Sections).
Program Size: Code=9916 RO-data=204 RW-data=4 ZI-data=684  
Finished: 0 information, 2 warning and 0 error messages.
".\Objects\lab6.axf" - 0 Error(s), 2 Warning(s).

<h2>Software Packages used:</h2>

Package Vendor: ARM
                https://www.keil.com/pack/ARM.CMSIS.6.1.0.pack
                ARM::CMSIS@6.1.0
                CMSIS (Common Microcontroller Software Interface Standard)
   * Component: CORE Version: 6.1.0

Package Vendor: Keil
                http://www.keil.com/pack/Keil.LPC1700_DFP.2.7.1.pack
                Keil::LPC1700_DFP@2.7.1
                NXP LPC1700 Series Device Support, Drivers and Examples for MCB1700 and LPC1788-32
   * Component: Startup Version: 1.0.0

<h2>Collection of Component include folders:</h2>
  ./RTE/Device/LPC1768
  ./RTE/_Target_1
  C:/Users/Lollo/AppData/Local/Arm/Packs/ARM/CMSIS/6.1.0/CMSIS/Core/Include
  C:/Users/Lollo/AppData/Local/Arm/Packs/Keil/LPC1700_DFP/2.7.1/Device/Include

<h2>Collection of Component Files used:</h2>

   * Component: ARM::CMSIS:CORE@6.1.0

   * Component: Keil::Device:Startup@1.0.0
      Source file:   Device/Source/ARM/startup_LPC17xx.s
      Source file:   Device/Source/system_LPC17xx.c
      Include file:  Device/Include/LPC17xx.h
      Include file:  RTE_Driver/Config/RTE_Device.h
Build Time Elapsed:  00:00:00
</pre>
</body>
</html>
