Component: Arm Compiler for Embedded 6.22 Tool: armlink [5ee90200]

==============================================================================

Section Cross References

    startup_lpc407x_8x_177x_8x.o(STACK) refers (Special) to heapauxi.o(.text) for __use_two_region_memory
    startup_lpc407x_8x_177x_8x.o(HEAP) refers (Special) to heapauxi.o(.text) for __use_two_region_memory
    startup_lpc407x_8x_177x_8x.o(RESET) refers (Special) to heapauxi.o(.text) for __use_two_region_memory
    startup_lpc407x_8x_177x_8x.o(RESET) refers to startup_lpc407x_8x_177x_8x.o(STACK) for __initial_sp
    startup_lpc407x_8x_177x_8x.o(RESET) refers to startup_lpc407x_8x_177x_8x.o(.text) for Reset_Handler
    startup_lpc407x_8x_177x_8x.o(.ARM.__at_0x02FC) refers (Special) to heapauxi.o(.text) for __use_two_region_memory
    startup_lpc407x_8x_177x_8x.o(.text) refers (Special) to heapauxi.o(.text) for __use_two_region_memory
    startup_lpc407x_8x_177x_8x.o(.text) refers to startup_lpc407x_8x_177x_8x.o(HEAP) for Heap_Mem
    startup_lpc407x_8x_177x_8x.o(.text) refers to startup_lpc407x_8x_177x_8x.o(STACK) for Stack_Mem
    system_lpc407x_8x_177x_8x.o(.text.SystemCoreClockUpdate) refers to system_lpc407x_8x_177x_8x.o(.data.SystemCoreClock) for SystemCoreClock
    system_lpc407x_8x_177x_8x.o(.text.SystemCoreClockUpdate) refers to system_lpc407x_8x_177x_8x.o(.data.PeripheralClock) for PeripheralClock
    system_lpc407x_8x_177x_8x.o(.text.SystemCoreClockUpdate) refers to system_lpc407x_8x_177x_8x.o(.data.EMCClock) for EMCClock
    system_lpc407x_8x_177x_8x.o(.text.SystemCoreClockUpdate) refers to system_lpc407x_8x_177x_8x.o(.data.USBClock) for USBClock
    system_lpc407x_8x_177x_8x.o(.ARM.exidx.text.SystemCoreClockUpdate) refers to system_lpc407x_8x_177x_8x.o(.text.SystemCoreClockUpdate) for [Anonymous Symbol]
    system_lpc407x_8x_177x_8x.o(.text.SystemInit) refers to system_lpc407x_8x_177x_8x.o(.text.fpu_init) for fpu_init
    system_lpc407x_8x_177x_8x.o(.text.SystemInit) refers to system_lpc407x_8x_177x_8x.o(.text.SystemCoreClockUpdate) for SystemCoreClockUpdate
    system_lpc407x_8x_177x_8x.o(.text.SystemInit) refers to system_lpc407x_8x_177x_8x.o(.text.SystemInit_ExtMemCtl) for SystemInit_ExtMemCtl
    system_lpc407x_8x_177x_8x.o(.ARM.exidx.text.SystemInit) refers to system_lpc407x_8x_177x_8x.o(.text.SystemInit) for [Anonymous Symbol]
    system_lpc407x_8x_177x_8x.o(.ARM.exidx.text.fpu_init) refers to system_lpc407x_8x_177x_8x.o(.text.fpu_init) for [Anonymous Symbol]
    system_lpc407x_8x_177x_8x.o(.text.SystemInit_ExtMemCtl) refers to system_lpc407x_8x_177x_8x.o(.text._DelayMs) for _DelayMs
    system_lpc407x_8x_177x_8x.o(.ARM.exidx.text.SystemInit_ExtMemCtl) refers to system_lpc407x_8x_177x_8x.o(.text.SystemInit_ExtMemCtl) for [Anonymous Symbol]
    system_lpc407x_8x_177x_8x.o(.text._DelayMs) refers to system_lpc407x_8x_177x_8x.o(.data.SystemCoreClock) for SystemCoreClock
    system_lpc407x_8x_177x_8x.o(.ARM.exidx.text._DelayMs) refers to system_lpc407x_8x_177x_8x.o(.text._DelayMs) for [Anonymous Symbol]


==============================================================================

Removing Unused input sections from the image.

    Removing system_lpc407x_8x_177x_8x.o(.text), (0 bytes).
    Removing system_lpc407x_8x_177x_8x.o(.text.SystemCoreClockUpdate), (1326 bytes).
    Removing system_lpc407x_8x_177x_8x.o(.ARM.exidx.text.SystemCoreClockUpdate), (8 bytes).
    Removing system_lpc407x_8x_177x_8x.o(.text.SystemInit), (320 bytes).
    Removing system_lpc407x_8x_177x_8x.o(.ARM.exidx.text.SystemInit), (8 bytes).
    Removing system_lpc407x_8x_177x_8x.o(.text.fpu_init), (132 bytes).
    Removing system_lpc407x_8x_177x_8x.o(.ARM.exidx.text.fpu_init), (8 bytes).
    Removing system_lpc407x_8x_177x_8x.o(.text.SystemInit_ExtMemCtl), (1050 bytes).
    Removing system_lpc407x_8x_177x_8x.o(.ARM.exidx.text.SystemInit_ExtMemCtl), (8 bytes).
    Removing system_lpc407x_8x_177x_8x.o(.text._DelayMs), (64 bytes).
    Removing system_lpc407x_8x_177x_8x.o(.ARM.exidx.text._DelayMs), (8 bytes).
    Removing system_lpc407x_8x_177x_8x.o(.data.SystemCoreClock), (4 bytes).
    Removing system_lpc407x_8x_177x_8x.o(.data.PeripheralClock), (4 bytes).
    Removing system_lpc407x_8x_177x_8x.o(.data.EMCClock), (4 bytes).
    Removing system_lpc407x_8x_177x_8x.o(.data.USBClock), (4 bytes).

15 unused section(s) (total 2948 bytes) removed from the image.

==============================================================================

Image Symbol Table

    Local Symbols

    Symbol Name                              Value     Ov Type        Size  Object(Section)

    ../clib/heapaux.c                        0x00000000   Number         0  heapauxi.o ABSOLUTE
    RTE/Device/LPC4072FBD80/startup_LPC407x_8x_177x_8x.s 0x00000000   Number         0  startup_lpc407x_8x_177x_8x.o ABSOLUTE
    dc.s                                     0x00000000   Number         0  dc.o ABSOLUTE
    system_LPC407x_8x_177x_8x.c              0x00000000   Number         0  system_lpc407x_8x_177x_8x.o ABSOLUTE
    RESET                                    0x00000000   Section      228  startup_lpc407x_8x_177x_8x.o(RESET)
    .text                                    0x000000e4   Section       60  startup_lpc407x_8x_177x_8x.o(.text)
    .text                                    0x00000120   Section        0  heapauxi.o(.text)
    .ARM.__at_0x02FC                         0x000002fc   Section        4  startup_lpc407x_8x_177x_8x.o(.ARM.__at_0x02FC)
    Heap_Mem                                 0x10000000   Data           0  startup_lpc407x_8x_177x_8x.o(HEAP)
    Stack_Mem                                0x10000000   Data        1024  startup_lpc407x_8x_177x_8x.o(STACK)
    HEAP                                     0x10000000   Section        0  startup_lpc407x_8x_177x_8x.o(HEAP)
    STACK                                    0x10000000   Section     1024  startup_lpc407x_8x_177x_8x.o(STACK)
    __initial_sp                             0x10000400   Data           0  startup_lpc407x_8x_177x_8x.o(STACK)

    Global Symbols

    Symbol Name                              Value     Ov Type        Size  Object(Section)

    BuildAttributes$$THM_ISAv4$E$P$D$K$B$S$7EM$PE$A:L22UL41UL21$X:L11$S22US41US21$IEEE1$IW$~IW$USESV6$~STKCKD$USESV7$~SHL$OSPACE$ROPI$EBA8$STANDARDLIB$REQ8$PRES8$EABIv2 0x00000000   Number         0  anon$$obj.o ABSOLUTE
    __Vectors                                0x00000000   Data           4  startup_lpc407x_8x_177x_8x.o(RESET)
    Reset_Handler                            0x000000e5   Thumb Code     8  startup_lpc407x_8x_177x_8x.o(.text)
    NMI_Handler                              0x000000ed   Thumb Code     2  startup_lpc407x_8x_177x_8x.o(.text)
    HardFault_Handler                        0x000000ef   Thumb Code     2  startup_lpc407x_8x_177x_8x.o(.text)
    MemManage_Handler                        0x000000f1   Thumb Code     2  startup_lpc407x_8x_177x_8x.o(.text)
    BusFault_Handler                         0x000000f3   Thumb Code     2  startup_lpc407x_8x_177x_8x.o(.text)
    UsageFault_Handler                       0x000000f5   Thumb Code     2  startup_lpc407x_8x_177x_8x.o(.text)
    SVC_Handler                              0x000000f7   Thumb Code     2  startup_lpc407x_8x_177x_8x.o(.text)
    DebugMon_Handler                         0x000000f9   Thumb Code     2  startup_lpc407x_8x_177x_8x.o(.text)
    PendSV_Handler                           0x000000fb   Thumb Code     2  startup_lpc407x_8x_177x_8x.o(.text)
    SysTick_Handler                          0x000000fd   Thumb Code     2  startup_lpc407x_8x_177x_8x.o(.text)
    ADC_IRQHandler                           0x000000ff   Thumb Code     0  startup_lpc407x_8x_177x_8x.o(.text)
    BOD_IRQHandler                           0x000000ff   Thumb Code     0  startup_lpc407x_8x_177x_8x.o(.text)
    CANActivity_IRQHandler                   0x000000ff   Thumb Code     0  startup_lpc407x_8x_177x_8x.o(.text)
    CAN_IRQHandler                           0x000000ff   Thumb Code     0  startup_lpc407x_8x_177x_8x.o(.text)
    DMA_IRQHandler                           0x000000ff   Thumb Code     0  startup_lpc407x_8x_177x_8x.o(.text)
    EEPROM_IRQHandler                        0x000000ff   Thumb Code     0  startup_lpc407x_8x_177x_8x.o(.text)
    EINT0_IRQHandler                         0x000000ff   Thumb Code     0  startup_lpc407x_8x_177x_8x.o(.text)
    EINT1_IRQHandler                         0x000000ff   Thumb Code     0  startup_lpc407x_8x_177x_8x.o(.text)
    EINT2_IRQHandler                         0x000000ff   Thumb Code     0  startup_lpc407x_8x_177x_8x.o(.text)
    EINT3_IRQHandler                         0x000000ff   Thumb Code     0  startup_lpc407x_8x_177x_8x.o(.text)
    ENET_IRQHandler                          0x000000ff   Thumb Code     0  startup_lpc407x_8x_177x_8x.o(.text)
    GPIO_IRQHandler                          0x000000ff   Thumb Code     0  startup_lpc407x_8x_177x_8x.o(.text)
    I2C0_IRQHandler                          0x000000ff   Thumb Code     0  startup_lpc407x_8x_177x_8x.o(.text)
    I2C1_IRQHandler                          0x000000ff   Thumb Code     0  startup_lpc407x_8x_177x_8x.o(.text)
    I2C2_IRQHandler                          0x000000ff   Thumb Code     0  startup_lpc407x_8x_177x_8x.o(.text)
    I2S_IRQHandler                           0x000000ff   Thumb Code     0  startup_lpc407x_8x_177x_8x.o(.text)
    LCD_IRQHandler                           0x000000ff   Thumb Code     0  startup_lpc407x_8x_177x_8x.o(.text)
    MCI_IRQHandler                           0x000000ff   Thumb Code     0  startup_lpc407x_8x_177x_8x.o(.text)
    MCPWM_IRQHandler                         0x000000ff   Thumb Code     0  startup_lpc407x_8x_177x_8x.o(.text)
    PLL0_IRQHandler                          0x000000ff   Thumb Code     0  startup_lpc407x_8x_177x_8x.o(.text)
    PLL1_IRQHandler                          0x000000ff   Thumb Code     0  startup_lpc407x_8x_177x_8x.o(.text)
    PWM0_IRQHandler                          0x000000ff   Thumb Code     0  startup_lpc407x_8x_177x_8x.o(.text)
    PWM1_IRQHandler                          0x000000ff   Thumb Code     0  startup_lpc407x_8x_177x_8x.o(.text)
    QEI_IRQHandler                           0x000000ff   Thumb Code     0  startup_lpc407x_8x_177x_8x.o(.text)
    RTC_IRQHandler                           0x000000ff   Thumb Code     0  startup_lpc407x_8x_177x_8x.o(.text)
    SSP0_IRQHandler                          0x000000ff   Thumb Code     0  startup_lpc407x_8x_177x_8x.o(.text)
    SSP1_IRQHandler                          0x000000ff   Thumb Code     0  startup_lpc407x_8x_177x_8x.o(.text)
    SSP2_IRQHandler                          0x000000ff   Thumb Code     0  startup_lpc407x_8x_177x_8x.o(.text)
    TIMER0_IRQHandler                        0x000000ff   Thumb Code     0  startup_lpc407x_8x_177x_8x.o(.text)
    TIMER1_IRQHandler                        0x000000ff   Thumb Code     0  startup_lpc407x_8x_177x_8x.o(.text)
    TIMER2_IRQHandler                        0x000000ff   Thumb Code     0  startup_lpc407x_8x_177x_8x.o(.text)
    TIMER3_IRQHandler                        0x000000ff   Thumb Code     0  startup_lpc407x_8x_177x_8x.o(.text)
    UART0_IRQHandler                         0x000000ff   Thumb Code     0  startup_lpc407x_8x_177x_8x.o(.text)
    UART1_IRQHandler                         0x000000ff   Thumb Code     0  startup_lpc407x_8x_177x_8x.o(.text)
    UART2_IRQHandler                         0x000000ff   Thumb Code     0  startup_lpc407x_8x_177x_8x.o(.text)
    UART3_IRQHandler                         0x000000ff   Thumb Code     0  startup_lpc407x_8x_177x_8x.o(.text)
    UART4_IRQHandler                         0x000000ff   Thumb Code     0  startup_lpc407x_8x_177x_8x.o(.text)
    USBActivity_IRQHandler                   0x000000ff   Thumb Code     0  startup_lpc407x_8x_177x_8x.o(.text)
    USB_IRQHandler                           0x000000ff   Thumb Code     0  startup_lpc407x_8x_177x_8x.o(.text)
    WDT_IRQHandler                           0x000000ff   Thumb Code     0  startup_lpc407x_8x_177x_8x.o(.text)
    __user_initial_stackheap                 0x00000101   Thumb Code     0  startup_lpc407x_8x_177x_8x.o(.text)
    __use_two_region_memory                  0x00000121   Thumb Code     2  heapauxi.o(.text)
    __rt_heap_escrow$2region                 0x00000123   Thumb Code     2  heapauxi.o(.text)
    __rt_heap_expand$2region                 0x00000125   Thumb Code     2  heapauxi.o(.text)



==============================================================================

Memory Map of the image

  Image Entry point : 0x000000e5

  Load Region LR_1 (Base: 0x00000000, Size: 0x00000300, Max: 0xffffffff, ABSOLUTE)

    Execution Region ER_RO (Exec base: 0x00000000, Load base: 0x00000000, Size: 0x00000300, Max: 0xffffffff, ABSOLUTE)

    Exec Addr    Load Addr    Size         Type   Attr      Idx    E Section Name        Object

    0x00000000   0x00000000   0x000000e4   Data   RO            3    RESET               startup_lpc407x_8x_177x_8x.o
    0x000000e4   0x000000e4   0x0000003c   Code   RO            5  * .text               startup_lpc407x_8x_177x_8x.o
    0x00000120   0x00000120   0x00000006   Code   RO           36    .text               c_w.l(heapauxi.o)
    0x00000126   0x00000126   0x000001d6   PAD
    0x000002fc   0x000002fc   0x00000004   Code   RO            4    .ARM.__at_0x02FC    startup_lpc407x_8x_177x_8x.o


    Execution Region ER_RW (Exec base: 0x10000000, Load base: 0x00000300, Size: 0x00000000, Max: 0xffffffff, ABSOLUTE)

    **** No section assigned to this execution region ****


    Execution Region ER_ZI (Exec base: 0x10000000, Load base: 0x00000300, Size: 0x00000400, Max: 0xffffffff, ABSOLUTE)

    Exec Addr    Load Addr    Size         Type   Attr      Idx    E Section Name        Object

    0x10000000        -       0x00000000   Zero   RW            2    HEAP                startup_lpc407x_8x_177x_8x.o
    0x10000000        -       0x00000400   Zero   RW            1    STACK               startup_lpc407x_8x_177x_8x.o


==============================================================================

Image component sizes


      Code (inc. data)   RO Data    RW Data    ZI Data      Debug   Object Name

        64         26        228          0       1024       1132   startup_lpc407x_8x_177x_8x.o

    ----------------------------------------------------------------------
        64         26        228          0       1024       1132   Object Totals
         0          0          0          0          0          0   (incl. Generated)
         0          0          0          0          0          0   (incl. Padding)

    ----------------------------------------------------------------------

      Code (inc. data)   RO Data    RW Data    ZI Data      Debug   Library Member Name

         6          0          0          0          0        152   heapauxi.o

    ----------------------------------------------------------------------
       476          0          0          0          0        152   Library Totals
       470          0          0          0          0          0   (incl. Padding)

    ----------------------------------------------------------------------

      Code (inc. data)   RO Data    RW Data    ZI Data      Debug   Library Name

         6          0          0          0          0        152   c_w.l

    ----------------------------------------------------------------------
       476          0          0          0          0        152   Library Totals

    ----------------------------------------------------------------------

==============================================================================


      Code (inc. data)   RO Data    RW Data    ZI Data      Debug   

       540         26        228          0       1024       1284   Grand Totals
       540         26        228          0       1024       1284   ELF Image Totals
       540         26        228          0          0          0   ROM Totals

==============================================================================

    Total RO  Size (Code + RO Data)                  768 (   0.75kB)
    Total RW  Size (RW Data + ZI Data)              1024 (   1.00kB)
    Total ROM Size (Code + RO Data + RW Data)        768 (   0.75kB)

==============================================================================

