


ARM Macro Assembler    Page 1 


    1 00000000                 AREA             custom_functions_area, CODE, RE
ADONLY
    2 00000000                 EXPORT           next_state
    3 00000000         
    4 00000000         next_state
    5 00000000 E92D 4FF0       STMFD            SP!, {R4-R11, LR}
    6 00000004         ; r0 contains CurrState, r1 contains taps
    7 00000004 EA00 0401       AND              r4, r0, r1  ; r4 contains value
                                                            s of bits relevant 
                                                            for taps
    8 00000008 F04F 0500       MOV              r5, #0      ; nextState
    9 0000000C F04F 0608       MOV              r6, #8      ; loop index
   10 00000010         
   11 00000010 F014 0F01 
                       loop    TST              R4, #1
   12 00000014 D102            BNE              not_eq
   13 00000016 F085 0500       EOR              r5, r5, #0
   14 0000001A E001            B                end_l
   15 0000001C F085 0501 
                       not_eq  EOR              r5, r5, #1
   16 00000020         
   17 00000020 EA4F 0454 
                       end_l   LSR              r4, #1
   18 00000024         
   19 00000024 1E76            SUBS             r6, r6, #1
   20 00000026 D1F3            BNE              loop
   21 00000028         
   22 00000028 4607            MOV              r7, r0      ; copy r0 to r7
   23 0000002A F007 0701       AND              r7, #1
   24 0000002E         ; return nextState
   25 0000002E EA4F 0050       MOV              r0, r0, LSR #1
   26 00000032 EA4F 15C5       LSL              r5, #7
   27 00000036 EA40 0005       ORR              r0, r0, r5
   28 0000003A 601F            STR              r7, [r3]    ; store output bit
   29 0000003C         
   30 0000003C E8BD 4FF0       LDMFD            SP!, {R4-R11, LR}
   31 00000040 4770            BX               LR
   32 00000042         
   33 00000042                 END
Command Line: --debug --xref --diag_suppress=9931,A1950W --cpu=Cortex-M3 --depe
nd=.\objects\customfunctions.d -o.\objects\customfunctions.o -I.\Source -I.\Sou
rce\led -I.\Source\button_EXINT -I.\Source\CMSIS_core -IC:\Users\silviab24\AppD
ata\Local\Arm\Packs\Keil\LPC1700_DFP\2.7.1\Device\Include --predefine="__EVAL S
ETA 1" --predefine="__UVISION_VERSION SETA 541" --predefine="LPC175x_6x SETA 1"
 --list=.\listings\customfunctions.lst customFunctions.s



ARM Macro Assembler    Page 1 Alphabetic symbol ordering
Relocatable symbols

custom_functions_area 00000000

Symbol: custom_functions_area
   Definitions
      At line 1 in file customFunctions.s
   Uses
      None
Comment: custom_functions_area unused
end_l 00000020

Symbol: end_l
   Definitions
      At line 17 in file customFunctions.s
   Uses
      At line 14 in file customFunctions.s
Comment: end_l used once
loop 00000010

Symbol: loop
   Definitions
      At line 11 in file customFunctions.s
   Uses
      At line 20 in file customFunctions.s
Comment: loop used once
next_state 00000000

Symbol: next_state
   Definitions
      At line 4 in file customFunctions.s
   Uses
      At line 2 in file customFunctions.s
Comment: next_state used once
not_eq 0000001C

Symbol: not_eq
   Definitions
      At line 15 in file customFunctions.s
   Uses
      At line 12 in file customFunctions.s
Comment: not_eq used once
5 symbols
338 symbols in table
