<html>
<body>
<pre>
<h1>µVision Build Log</h1>
<h2>Tool Versions:</h2>
IDE-Version: µVision V5.41.0.0
Copyright (C) 2024 ARM Ltd and ARM Germany GmbH. All rights reserved.
License Information: Silvia Bonenti, University, LIC=----
 
Tool Versions:
Toolchain:       MDK-Lite  Version: 5.41.0.0
Toolchain Path:  C:\Users\silviab24\AppData\Local\Keil_v5\ARM\ARMCLANG\Bin
C Compiler:      ArmClang.exe V6.22
Assembler:       Armasm.exe V6.22
Linker/Locator:  ArmLink.exe V6.22
Library Manager: ArmAr.exe V6.22
Hex Converter:   FromElf.exe V6.22
CPU DLL:         SARMCM3.DLL V5.41.0.0
Dialog DLL:      DARMP1.DLL V1.28.1.0
Target DLL:      UL2CM3.DLL V1.164.14.0
Dialog DLL:      TARMP1.DLL V1.27.1.0
 
<h2>Project:</h2>
C:\Users\silviab24\Desktop\ComputerArchitectures\9\03_sample_BUTTON_LED\sample.uvprojx
Project File Date:  11/27/2024

<h2>Output:</h2>
*** Using Compiler 'V6.22', folder: 'C:\Users\silviab24\AppData\Local\Keil_v5\ARM\ARMCLANG\Bin'
Build target 'SW_Debug'
creating list file for sample.c...
creating preprocessor file for sample.c...
compiling sample.c...
creating list file for customCFunctions.c...
creating preprocessor file for customCFunctions.c...
creating list file for system_LPC17xx.c...
creating preprocessor file for system_LPC17xx.c...
creating list file for funct_led.c...
creating preprocessor file for funct_led.c...
creating list file for lib_led.c...
creating preprocessor file for lib_led.c...
creating list file for IRQ_button.c...
creating preprocessor file for IRQ_button.c...
creating list file for lib_button.c...
compiling IRQ_button.c...
creating preprocessor file for lib_button.c...
creating list file for IRQ_RIT.c...
creating preprocessor file for IRQ_RIT.c...
creating list file for lib_RIT.c...
creating preprocessor file for lib_RIT.c...
linking...
Program Size: Code=2412 RO-data=284 RW-data=8 ZI-data=616  
".\Objects\sample_BUTTON_LED.axf" - 0 Error(s), 0 Warning(s).

<h2>Software Packages used:</h2>

Package Vendor: Keil
                http://www.keil.com/pack/Keil.LPC1700_DFP.2.7.1.pack
                Keil::LPC1700_DFP@2.7.1
                NXP LPC1700 Series Device Support, Drivers and Examples for MCB1700 and LPC1788-32

<h2>Collection of Component include folders:</h2>
  C:/Users/silviab24/AppData/Local/Arm/Packs/Keil/LPC1700_DFP/2.7.1/Device/Include

<h2>Collection of Component Files used:</h2>
Build Time Elapsed:  00:00:01
</pre>
</body>
</html>
